// Jest Snapshot v1, https://goo.gl/fbAQLP

exports[`it extracts resources correctly 1`] = `
Array [
  "public/subfont/Inter_UI-400-333b8a8461.woff2",
  "public/subfont/Canela-700-31ab7904d2.woff2",
  "public/subfont/Canela-100-9a69ad19fe.woff2",
  "public/subfont/Inter_UI-700-ed1e3f47cc.woff2",
  "public/component---src-templates-page-js-32d4e861f265f4be46c4.js",
  "public/app-4844abca0ccadef0d7f2.js",
  "public/0-797a6e0c48926cc31252.js",
  "public/2-d5375578f42dcd4bd7f2.js",
  "public/4-fa29748992ddbba69dcd.js",
  "public/1-48ed4ae6be7383859823.js",
  "public/webpack-runtime-9f60bdb9348d2dc6ea90.js",
  "public/static/d/622/path---index-6a9-bWm2zMuppzsmi10MGyNADBwfUpw.json",
  "https://cdn.ravenjs.com/3.25.2/raven.min.js",
]
`;
